// Vitest Snapshot v1, https://vitest.dev/guide/snapshot.html

exports[`LoadingSpinner > matches snapshot 1`] = `
<div
  className="flex justify-center items-center h-full"
  data-testid="loading-spinner"
>
  <div
    className="w-16 h-16 border-4 border-primary border-t-transparent rounded-full"
    style={{}}
  />
</div>
`;
